// Jest Snapshot v1, https://goo.gl/fbAQLP

exports[`renders Coords 1`] = `
<DocumentFragment>
  <span>
    (20, 30)
  </span>
</DocumentFragment>
`;
