// Jest Snapshot v1, https://goo.gl/fbAQLP

exports[`renders DatePicker 1`] = `
<DocumentFragment>
  <div
    class="datepickerWrapper"
  >
    <div
      class="form-group"
    >
      <label
        class="form-label"
        for="datePicker"
      >
        Date
      </label>
      <div
        class="react-datepicker-wrapper"
      >
        <div
          class="react-datepicker__input-container"
        >
          <input
            class="form-control"
            id="datePicker"
            value="26.01.2020"
          />
        </div>
      </div>
    </div>
  </div>
</DocumentFragment>
`;
