// Jest Snapshot v1, https://goo.gl/fbAQLP

exports[`renders Location 1`] = `
<DocumentFragment>
  <div
    class="card"
  >
    <h5
      class="card-header"
    >
      <div
        class="header"
      >
        <div>
          Sample location 
          <span>
            (20, 30)
          </span>
        </div>
        <div>
          01.01.2020
          <button
            class="btn btn-warning btn-sm"
            type="button"
          >
            Edit
          </button>
          <button
            class="btn btn-danger btn-sm"
            type="button"
          >
            Remove
          </button>
        </div>
      </div>
    </h5>
    <div
      class="card-body"
    >
      <div
        class="progressBarWrapper"
      >
        <div
          class="progress"
        >
          <div
            aria-valuemax="1440"
            aria-valuemin="0"
            aria-valuenow="NaN"
            class="progress-bar bg-warning"
            role="progressbar"
          />
          <div
            aria-valuemax="1440"
            aria-valuemin="0"
            aria-valuenow="NaN"
            class="progress-bar bg-success"
            role="progressbar"
          />
          <div
            aria-valuemax="1440"
            aria-valuemin="0"
            aria-valuenow="NaN"
            class="progress-bar bg-warning"
            role="progressbar"
          />
        </div>
        <div
          class="labels"
        >
          <div
            class="startHour"
          >
            00:00
          </div>
          <div
            class="endHour"
          >
            23:59
          </div>
        </div>
      </div>
    </div>
  </div>
</DocumentFragment>
`;
