// Jest Snapshot v1, https://goo.gl/fbAQLP

exports[`renders App 1`] = `
<DocumentFragment>
  <div
    class="appWrapper"
  >
    <div
      class="container"
    >
      <div
        class="row"
      >
        <div
          class="col"
        >
          <div
            class="card"
          >
            <h5
              class="card-header"
            >
              <div
                class="header"
              >
                <div>
                  Krak√≥w 
                  <span>
                    (50.064651, 19.944981)
                  </span>
                </div>
                <div>
                  24.01.2020
                  <button
                    class="btn btn-warning btn-sm"
                    type="button"
                  >
                    Edit
                  </button>
                  <button
                    class="btn btn-danger btn-sm"
                    type="button"
                  >
                    Remove
                  </button>
                </div>
              </div>
            </h5>
            <div
              class="card-body"
            >
              <div
                class="progressBarWrapper"
              >
                <div
                  class="progress"
                >
                  <div
                    aria-valuemax="1440"
                    aria-valuemin="0"
                    aria-valuenow="NaN"
                    class="progress-bar bg-warning"
                    role="progressbar"
                  />
                  <div
                    aria-valuemax="1440"
                    aria-valuemin="0"
                    aria-valuenow="NaN"
                    class="progress-bar bg-success"
                    role="progressbar"
                  />
                  <div
                    aria-valuemax="1440"
                    aria-valuemin="0"
                    aria-valuenow="NaN"
                    class="progress-bar bg-warning"
                    role="progressbar"
                  />
                </div>
                <div
                  class="labels"
                >
                  <div
                    class="startHour"
                  >
                    00:00
                  </div>
                  <div
                    class="endHour"
                  >
                    23:59
                  </div>
                </div>
              </div>
            </div>
          </div>
        </div>
      </div>
      <div
        class="row"
      >
        <div
          class="col"
        >
          <div
            class="card"
          >
            <h5
              class="card-header"
            >
              <div
                class="header"
              >
                <div>
                  Tokio 
                  <span>
                    (39.758602, -104.997437)
                  </span>
                </div>
                <div>
                  25.01.2020
                  <button
                    class="btn btn-warning btn-sm"
                    type="button"
                  >
                    Edit
                  </button>
                  <button
                    class="btn btn-danger btn-sm"
                    type="button"
                  >
                    Remove
                  </button>
                </div>
              </div>
            </h5>
            <div
              class="card-body"
            >
              <div
                class="progressBarWrapper"
              >
                <div
                  class="progress"
                >
                  <div
                    aria-valuemax="1440"
                    aria-valuemin="0"
                    aria-valuenow="NaN"
                    class="progress-bar bg-warning"
                    role="progressbar"
                  />
                  <div
                    aria-valuemax="1440"
                    aria-valuemin="0"
                    aria-valuenow="NaN"
                    class="progress-bar bg-success"
                    role="progressbar"
                  />
                  <div
                    aria-valuemax="1440"
                    aria-valuemin="0"
                    aria-valuenow="NaN"
                    class="progress-bar bg-warning"
                    role="progressbar"
                  />
                </div>
                <div
                  class="labels"
                >
                  <div
                    class="startHour"
                  >
                    00:00
                  </div>
                  <div
                    class="endHour"
                  >
                    23:59
                  </div>
                </div>
              </div>
            </div>
          </div>
        </div>
      </div>
      <div
        class="row"
      >
        <div
          class="col"
        >
          <div
            class="card"
          >
            <h5
              class="card-header"
            >
              <div
                class="header"
              >
                <div>
                  New York 
                  <span>
                    (55.755825, 37.617298)
                  </span>
                </div>
                <div>
                  25.01.2020
                  <button
                    class="btn btn-warning btn-sm"
                    type="button"
                  >
                    Edit
                  </button>
                  <button
                    class="btn btn-danger btn-sm"
                    type="button"
                  >
                    Remove
                  </button>
                </div>
              </div>
            </h5>
            <div
              class="card-body"
            >
              <div
                class="progressBarWrapper"
              >
                <div
                  class="progress"
                >
                  <div
                    aria-valuemax="1440"
                    aria-valuemin="0"
                    aria-valuenow="NaN"
                    class="progress-bar bg-warning"
                    role="progressbar"
                  />
                  <div
                    aria-valuemax="1440"
                    aria-valuemin="0"
                    aria-valuenow="NaN"
                    class="progress-bar bg-success"
                    role="progressbar"
                  />
                  <div
                    aria-valuemax="1440"
                    aria-valuemin="0"
                    aria-valuenow="NaN"
                    class="progress-bar bg-warning"
                    role="progressbar"
                  />
                </div>
                <div
                  class="labels"
                >
                  <div
                    class="startHour"
                  >
                    00:00
                  </div>
                  <div
                    class="endHour"
                  >
                    23:59
                  </div>
                </div>
              </div>
            </div>
          </div>
        </div>
      </div>
      <div
        class="row"
      >
        <div
          class="col"
        >
          <div>
            <form
              class=""
            >
              <div
                class="card"
              >
                <h5
                  class="card-header"
                >
                  <span>
                    Add new location
                  </span>
                </h5>
                <div
                  class="card-body"
                >
                  <div
                    class="row"
                  >
                    <div
                      class="col"
                    >
                      <div
                        class="form-group"
                      >
                        <label
                          class="form-label"
                          for="name"
                        >
                          Name
                        </label>
                        <input
                          class="form-control"
                          id="name"
                          type="text"
                          value=""
                        />
                      </div>
                    </div>
                    <div
                      class="col"
                    >
                      <div
                        class="form-group"
                      >
                        <label
                          class="form-label"
                          for="lat"
                        >
                          Lat
                        </label>
                        <input
                          class="form-control"
                          id="lat"
                          type="text"
                          value=""
                        />
                      </div>
                    </div>
                    <div
                      class="col"
                    >
                      <div
                        class="form-group"
                      >
                        <label
                          class="form-label"
                          for="lng"
                        >
                          Lng
                        </label>
                        <input
                          class="form-control"
                          id="lng"
                          type="text"
                          value=""
                        />
                      </div>
                    </div>
                    <div
                      class="col"
                    >
                      <div
                        class="datepickerWrapper"
                      >
                        <div
                          class="form-group"
                        >
                          <label
                            class="form-label"
                            for="date"
                          >
                            Date
                          </label>
                          <div
                            class="react-datepicker-wrapper"
                          >
                            <div
                              class="react-datepicker__input-container"
                            >
                              <input
                                class="form-control"
                                id="date"
                                value="26.01.2020"
                              />
                            </div>
                          </div>
                        </div>
                      </div>
                    </div>
                  </div>
                  <div
                    class="row"
                  >
                    <div
                      class="col"
                    >
                      <button
                        class="btn btn-success btn-block"
                        type="submit"
                      >
                        Add location
                      </button>
                    </div>
                  </div>
                </div>
              </div>
            </form>
          </div>
        </div>
      </div>
    </div>
  </div>
</DocumentFragment>
`;
